src/controllers/hierarchyController.ts(34,31): error TS18047: 'rangeName' is possibly 'null'.
src/controllers/hierarchyController.ts(35,38): error TS18047: 'rangeName' is possibly 'null'.
src/controllers/hierarchyController.ts(38,31): error TS2345: Argument of type 'string | null' is not assignable to parameter of type 'string'.
  Type 'null' is not assignable to type 'string'.
src/controllers/hierarchyController.ts(47,30): error TS2345: Argument of type 'string | null' is not assignable to parameter of type 'string'.
  Type 'null' is not assignable to type 'string'.
src/controllers/hierarchyController.ts(51,47): error TS2345: Argument of type 'string | null' is not assignable to parameter of type 'string'.
  Type 'null' is not assignable to type 'string'.
src/controllers/officerController.ts(484,25): error TS2322: Type 'string | null' is not assignable to type 'string'.
  Type 'null' is not assignable to type 'string'.
src/controllers/officerDashboardController.ts(30,75): error TS2345: Argument of type '{ email: string | null; name: string; id: string; mobileNumber: string; createdAt: Date; updatedAt: Date; isActive: boolean; rangeId: string | null; districtId: string | null; ... 5 more ...; designationId: string | null; }' is not assignable to parameter of type '{ beatId?: string | null | undefined; policeStationId: string; }'.
  Types of property 'policeStationId' are incompatible.
    Type 'string | null' is not assignable to type 'string'.
      Type 'null' is not assignable to type 'string'.
src/controllers/officerDashboardController.ts(93,75): error TS2345: Argument of type '{ email: string | null; name: string; id: string; mobileNumber: string; createdAt: Date; updatedAt: Date; isActive: boolean; rangeId: string | null; districtId: string | null; ... 5 more ...; designationId: string | null; }' is not assignable to parameter of type '{ beatId?: string | null | undefined; policeStationId: string; }'.
  Types of property 'policeStationId' are incompatible.
    Type 'string | null' is not assignable to type 'string'.
      Type 'null' is not assignable to type 'string'.
src/controllers/officerDashboardController.ts(172,75): error TS2345: Argument of type '{ email: string | null; name: string; id: string; mobileNumber: string; createdAt: Date; updatedAt: Date; isActive: boolean; rangeId: string | null; districtId: string | null; ... 5 more ...; designationId: string | null; }' is not assignable to parameter of type '{ beatId?: string | null | undefined; policeStationId: string; }'.
  Types of property 'policeStationId' are incompatible.
    Type 'string | null' is not assignable to type 'string'.
      Type 'null' is not assignable to type 'string'.
src/controllers/officerDashboardController.ts(244,75): error TS2345: Argument of type '{ email: string | null; name: string; id: string; mobileNumber: string; createdAt: Date; updatedAt: Date; isActive: boolean; rangeId: string | null; districtId: string | null; ... 5 more ...; designationId: string | null; }' is not assignable to parameter of type '{ beatId?: string | null | undefined; policeStationId: string; }'.
  Types of property 'policeStationId' are incompatible.
    Type 'string | null' is not assignable to type 'string'.
      Type 'null' is not assignable to type 'string'.
src/controllers/passwordResetController.ts(12,18): error TS7030: Not all code paths return a value.
src/controllers/sosController.ts(114,25): error TS2322: Type 'string | null' is not assignable to type 'string | undefined'.
  Type 'null' is not assignable to type 'string | undefined'.
src/controllers/visitController.ts(637,25): error TS2322: Type 'string | null' is not assignable to type 'string | undefined'.
  Type 'null' is not assignable to type 'string | undefined'.
src/controllers/vulnerabilityController.ts(46,15): error TS2304: Cannot find name 'CitizenForScoring'.
src/controllers/vulnerabilityController.ts(51,24): error TS2304: Cannot find name 'Evaluation'.
src/controllers/vulnerabilityController.ts(76,25): error TS2304: Cannot find name 'BAND_NAMES'.
src/controllers/vulnerabilityController.ts(76,44): error TS7006: Parameter 'sum' implicitly has an 'any' type.
src/controllers/vulnerabilityController.ts(76,49): error TS7006: Parameter 'name' implicitly has an 'any' type.
src/controllers/vulnerabilityController.ts(78,26): error TS7053: Element implicitly has an 'any' type because expression of type 'any' can't be used to index type 'Record<"low" | "medium" | "high", number>'.
src/controllers/vulnerabilityController.ts(104,28): error TS2304: Cannot find name 'fetchCitizensForScoring'.
src/controllers/vulnerabilityController.ts(126,49): error TS2304: Cannot find name 'Evaluation'.
src/controllers/vulnerabilityController.ts(165,14): error TS2304: Cannot find name 'BAND_NAMES'.
src/controllers/vulnerabilityController.ts(184,64): error TS2552: Cannot find name 'NextFunction'. Did you mean 'Function'?
src/controllers/vulnerabilityController.ts(197,22): error TS2554: Expected 0 arguments, but got 1.
src/controllers/vulnerabilityController.ts(208,65): error TS2552: Cannot find name 'NextFunction'. Did you mean 'Function'?
src/controllers/vulnerabilityController.ts(217,22): error TS2554: Expected 0 arguments, but got 1.
src/controllers/vulnerabilityController.ts(228,65): error TS2552: Cannot find name 'NextFunction'. Did you mean 'Function'?
src/controllers/vulnerabilityController.ts(237,22): error TS2554: Expected 0 arguments, but got 1.
src/controllers/vulnerabilityController.ts(246,62): error TS2552: Cannot find name 'NextFunction'. Did you mean 'Function'?
src/controllers/vulnerabilityController.ts(313,22): error TS2554: Expected 0 arguments, but got 1.
src/events/eventListeners.ts(15,39): error TS2339: Property 'sendWelcome' does not exist on type 'typeof NotificationService'.
src/events/eventListeners.ts(18,21): error TS7006: Parameter 'err' implicitly has an 'any' type.
src/routes/vulnerabilityRoutes.ts(16,5): error TS2769: No overload matches this call.
  The last overload gave the following error.
    Argument of type '(_req: Request, res: Response, next: NextFunction) => Promise<void>' is not assignable to parameter of type 'RequestHandlerParams<ParamsDictionary, any, any, ParsedQs, Record<string, any>>'.
      Type '(_req: Request, res: Response, next: NextFunction) => Promise<void>' is not assignable to type 'RequestHandler<ParamsDictionary, any, any, ParsedQs, Record<string, any>>'.
        Types of parameters '_req' and 'req' are incompatible.
          Type 'Request<ParamsDictionary, any, any, ParsedQs, Record<string, any>>' is missing the following properties from type 'Request': cache, credentials, destination, integrity, and 14 more.
src/routes/vulnerabilityRoutes.ts(22,5): error TS2769: No overload matches this call.
  The last overload gave the following error.
    Argument of type '(_req: Request, res: Response, next: NextFunction) => Promise<void>' is not assignable to parameter of type 'RequestHandlerParams<ParamsDictionary, any, any, ParsedQs, Record<string, any>>'.
      Type '(_req: Request, res: Response, next: NextFunction) => Promise<void>' is not assignable to type 'RequestHandler<ParamsDictionary, any, any, ParsedQs, Record<string, any>>'.
        Types of parameters '_req' and 'req' are incompatible.
          Type 'Request<ParamsDictionary, any, any, ParsedQs, Record<string, any>>' is missing the following properties from type 'Request': cache, credentials, destination, integrity, and 14 more.
src/routes/vulnerabilityRoutes.ts(33,5): error TS2769: No overload matches this call.
  The last overload gave the following error.
    Argument of type '(req: AuthRequest, res: Response, next: NextFunction) => Promise<void>' is not assignable to parameter of type 'RequestHandlerParams<ParamsDictionary, any, any, ParsedQs, Record<string, any>>'.
      Type '(req: AuthRequest, res: Response, next: NextFunction) => Promise<void>' is not assignable to type 'RequestHandler<ParamsDictionary, any, any, ParsedQs, Record<string, any>>'.
        Types of parameters 'res' and 'res' are incompatible.
          Type 'Response<any, Record<string, any>, number>' is missing the following properties from type 'Response': headers, ok, statusText, url, and 8 more.
src/routes/vulnerabilityRoutes.ts(44,5): error TS2769: No overload matches this call.
  The last overload gave the following error.
    Argument of type '(req: AuthRequest, res: Response, next: NextFunction) => Promise<void>' is not assignable to parameter of type 'RequestHandlerParams<ParamsDictionary, any, any, ParsedQs, Record<string, any>>'.
      Type '(req: AuthRequest, res: Response, next: NextFunction) => Promise<void>' is not assignable to type 'RequestHandler<ParamsDictionary, any, any, ParsedQs, Record<string, any>>'.
        Types of parameters 'res' and 'res' are incompatible.
          Type 'Response<any, Record<string, any>, number>' is missing the following properties from type 'Response': headers, ok, statusText, url, and 8 more.
src/services/citizenAddressChangeService.ts(19,45): error TS2820: Type '"Scheduled"' is not assignable to type 'VisitStatus'. Did you mean '"SCHEDULED"'?
src/services/verificationService.ts(142,21): error TS2322: Type 'string | null' is not assignable to type 'string | undefined'.
  Type 'null' is not assignable to type 'string | undefined'.
src/utils/leaveReassignment.ts(21,17): error TS2353: Object literal may only specify known properties, and 'Citizen' does not exist in type 'VisitInclude<DefaultArgs>'.
src/utils/leaveReassignment.ts(37,43): error TS2551: Property 'Officer' does not exist on type '{ id: string; duration: number | null; status: VisitStatus; createdAt: Date; updatedAt: Date; officerId: string; photoUrl: string | null; gpsLatitude: number | null; ... 14 more ...; riskScore: number | null; }'. Did you mean 'officerId'?
src/utils/leaveReassignment.ts(43,25): error TS2820: Type '"APPROVED"' is not assignable to type 'EnumLeaveStatusFilter<"OfficerLeave"> | LeaveStatus | undefined'. Did you mean '"Approved"'?
src/utils/leaveReassignment.ts(54,43): error TS2551: Property 'Officer' does not exist on type '{ id: string; duration: number | null; status: VisitStatus; createdAt: Date; updatedAt: Date; officerId: string; photoUrl: string | null; gpsLatitude: number | null; ... 14 more ...; riskScore: number | null; }'. Did you mean 'officerId'?
src/utils/leaveReassignment.ts(67,17): error TS2353: Object literal may only specify known properties, and 'remarks' does not exist in type 'Without<VisitUpdateManyMutationInput, VisitUncheckedUpdateManyInput> & VisitUncheckedUpdateManyInput'.
src/utils/vulnerabilityScheduling.ts(32,17): error TS2353: Object literal may only specify known properties, and 'VulnerabilityAssessment' does not exist in type 'SeniorCitizenInclude<DefaultArgs>'.
src/utils/vulnerabilityScheduling.ts(56,26): error TS2339: Property 'VulnerabilityAssessment' does not exist on type '{ userId: string | null; email: string | null; id: string; status: string; mobileNumber: string; createdAt: Date; updatedAt: Date; isActive: boolean; aadhaarNumber: string | null; ... 120 more ...; residingWith: string | null; }'.
src/utils/vulnerabilityScheduling.ts(56,65): error TS2339: Property 'Beat' does not exist on type '{ userId: string | null; email: string | null; id: string; status: string; mobileNumber: string; createdAt: Date; updatedAt: Date; isActive: boolean; aadhaarNumber: string | null; ... 120 more ...; residingWith: string | null; }'.
src/utils/vulnerabilityScheduling.ts(61,25): error TS2339: Property 'Visit' does not exist on type '{ userId: string | null; email: string | null; id: string; status: string; mobileNumber: string; createdAt: Date; updatedAt: Date; isActive: boolean; aadhaarNumber: string | null; ... 120 more ...; residingWith: string | null; }'.
src/utils/vulnerabilityScheduling.ts(65,40): error TS2339: Property 'VulnerabilityAssessment' does not exist on type '{ userId: string | null; email: string | null; id: string; status: string; mobileNumber: string; createdAt: Date; updatedAt: Date; isActive: boolean; aadhaarNumber: string | null; ... 120 more ...; residingWith: string | null; }'.
src/utils/vulnerabilityScheduling.ts(66,37): error TS2339: Property 'Beat' does not exist on type '{ userId: string | null; email: string | null; id: string; status: string; mobileNumber: string; createdAt: Date; updatedAt: Date; isActive: boolean; aadhaarNumber: string | null; ... 120 more ...; residingWith: string | null; }'.
