Finding SHO user...
node.exe : Slow query detected: 
User.findFirst took 470ms
At C:\Program 
Files\nodejs\npx.ps1:29 char:3
+   & $NODE_EXE $NPX_CLI_JS $args
+   ~~~~~~~~~~~~~~~~~~~~~~~~~~~~~
    + CategoryInfo          : NotSpe 
   cified: (Slow query dete...irst   
  took 470ms:String) [], RemoteExc   
 eption
    + FullyQualifiedErrorId : Native 
   CommandError
 
Testing with User: shouttamnagar@gmail.com (Role: SHO)

--- Executing Middleware ---
Slow query detected: Role.findUnique 
took 147ms
Slow query detected: 
BeatOfficer.findUnique took 150ms
Middleware called next()

--- Result ---
req.dataScope: {
  "level": "POLICE_STATION",
  "jurisdictionIds": {
    "policeStationId": "cmkgp04qq008dby7om11f3uvv"
  }
}
